// Jest Snapshot v1, https://goo.gl/fbAQLP

exports[`App renders correctly 1`] = `
<div class="app-container">
  <perelandra-page-stub></perelandra-page-stub>
  <p class="test-p">
    You can see me ya rogerian bastard?
  </p> <span style="color: yellow; background-color: red;">And how bout now?</span>
</div>
`;
